Archive member included to satisfy reference by file (symbol)

C:/Program Files/Rowley Associates Limited/CrossWorks for ARM 4.10/lib/libc_v6m_t_le_eabi.a(libvfprintf.o)
                              (__vfprintf_float_long_long)
C:/Program Files/Rowley Associates Limited/CrossWorks for ARM 4.10/lib/libc_v6m_t_le_eabi.a(libvfscanf.o)
                              (__vfscanf_float_long_long_cc)
C:/Program Files/Rowley Associates Limited/CrossWorks for ARM 4.10/lib/libc_v6m_t_le_eabi.a(libc_asm.o)
                              C:/Program Files/Rowley Associates Limited/CrossWorks for ARM 4.10/lib/libc_v6m_t_le_eabi.a(libvfprintf.o) (__aeabi_uldivmod)
C:/Program Files/Rowley Associates Limited/CrossWorks for ARM 4.10/lib/libc_v6m_t_le_eabi.a(libc2.o)
                              C:/Program Files/Rowley Associates Limited/CrossWorks for ARM 4.10/lib/libc_v6m_t_le_eabi.a(libvfscanf.o) (__getc)
C:/Program Files/Rowley Associates Limited/CrossWorks for ARM 4.10/lib/libc_v6m_t_le_eabi.a(libc2_asm.o)
                              C:/Program Files/Rowley Associates Limited/CrossWorks for ARM 4.10/lib/libc_v6m_t_le_eabi.a(libc2.o) (memcpy)
C:/Program Files/Rowley Associates Limited/CrossWorks for ARM 4.10/lib/libc_v6m_t_le_eabi.a(libc.o)
                              C:/Program Files/Rowley Associates Limited/CrossWorks for ARM 4.10/lib/libc_v6m_t_le_eabi.a(libc2.o) (__heap_lock)
C:/Program Files/Rowley Associates Limited/CrossWorks for ARM 4.10/lib/libdebugio_v6m_t_le_eabi.a(libdebugio.o)
                              test THUMB Debug/main.o (debug_exit)
C:/Program Files/Rowley Associates Limited/CrossWorks for ARM 4.10/lib/libdebugio_v6m_t_le_eabi.a(libdebugio_asm.o)
                              test THUMB Debug/main.o (debug_printf)
C:/Program Files/Rowley Associates Limited/CrossWorks for ARM 4.10/lib/libdebugio_v6m_t_le_eabi.a(do_nv_debug_operation.o)
                              C:/Program Files/Rowley Associates Limited/CrossWorks for ARM 4.10/lib/libdebugio_v6m_t_le_eabi.a(libdebugio.o) (__do_nvdebug_operation)
C:/Program Files/Rowley Associates Limited/CrossWorks for ARM 4.10/lib/libdebugio_v6m_t_le_eabi.a(mempoll_debug_operations.o)
                              (__do_debug_operation_mempoll)
C:/Program Files/Rowley Associates Limited/CrossWorks for ARM 4.10/lib/libm_v6m_t_le_eabi.a(libm_asm.o)
                              C:/Program Files/Rowley Associates Limited/CrossWorks for ARM 4.10/lib/libc_v6m_t_le_eabi.a(libc2.o) (__aeabi_i2f)
C:/Program Files/Rowley Associates Limited/CrossWorks for ARM 4.10/lib/libm_v6m_t_le_eabi.a(libm2.o)
                              C:/Program Files/Rowley Associates Limited/CrossWorks for ARM 4.10/lib/libc_v6m_t_le_eabi.a(libvfprintf.o) (frexp)
C:/Program Files/Rowley Associates Limited/CrossWorks for ARM 4.10/lib/libm_v6m_t_le_eabi.a(libm2_asm.o)
                              C:/Program Files/Rowley Associates Limited/CrossWorks for ARM 4.10/lib/libm_v6m_t_le_eabi.a(libm2.o) (fabs)

Discarded input sections

 .group         0x00000000        0xc test THUMB Debug/main.o
 .group         0x00000000        0xc test THUMB Debug/main.o
 .group         0x00000000        0xc test THUMB Debug/main.o
 .group         0x00000000        0xc test THUMB Debug/main.o
 .text          0x00000000        0x0 test THUMB Debug/main.o
 .data          0x00000000        0x0 test THUMB Debug/main.o
 .bss           0x00000000        0x0 test THUMB Debug/main.o
 .text          0x00000000        0x0 test THUMB Debug/thumb_crt0.o
 .data          0x00000000        0x0 test THUMB Debug/thumb_crt0.o
 .bss           0x00000000        0x0 test THUMB Debug/thumb_crt0.o
 .text.__aeabi_read_tp
                0x00000000        0x8 test THUMB Debug/thumb_crt0.o
 .text.abort    0x00000000        0x2 test THUMB Debug/thumb_crt0.o
 .text.__assert
                0x00000000        0x2 test THUMB Debug/thumb_crt0.o
 .text.__assert_func
                0x00000000        0x2 test THUMB Debug/thumb_crt0.o
 .text.__aeabi_assert
                0x00000000        0x2 test THUMB Debug/thumb_crt0.o
 .text.__sync_synchronize
                0x00000000        0x2 test THUMB Debug/thumb_crt0.o
 .text.__semihost
                0x00000000        0x4 test THUMB Debug/thumb_crt0.o
 .stack         0x00000000        0x0 test THUMB Debug/thumb_crt0.o
 .stack_process
                0x00000000        0x0 test THUMB Debug/thumb_crt0.o
 .heap          0x00000000        0x0 test THUMB Debug/thumb_crt0.o
 .text          0x00000000        0x0 test THUMB Debug/STM32_Startup.o
 .data          0x00000000        0x0 test THUMB Debug/STM32_Startup.o
 .bss           0x00000000        0x0 test THUMB Debug/STM32_Startup.o
 .text          0x00000000        0x0 C:/Program Files/Rowley Associates Limited/CrossWorks for ARM 4.10/lib/libc_v6m_t_le_eabi.a(libvfprintf.o)
[...]
Memory Configuration

Name             Origin             Length             Attributes
UNPLACED_SECTIONS 0x00000000         0x00000000         xw
FLASH            0x08000000         0x00020000         xr
SYSTEM           0x1fff0000         0x00002000         xw
OTP              0x1fff7000         0x00000400         xw
ENGINERING_BYTES 0x1fff7500         0x00000300         xw
OPTION_BYTES     0x1fff7800         0x00000080         xw
RAM              0x20000000         0x00009000         xw
APB1             0x40000000         0x0000b400         xw
APB2             0x40010000         0x00005c00         xw
AHB1             0x40020000         0x00006400         xw
IOPORT           0x50000000         0x00001800         xw
PPB              0xe0000000         0x00100000         xw
*default*        0x00000000         0xffffffff

Linker script and memory map

                0x08000000                        __FLASH_segment_start__ = 0x8000000
                0x08020000                        __FLASH_segment_end__ = 0x8020000
                0x00020000                        __FLASH_segment_size__ = 0x20000
                0x1fff0000                        __SYSTEM_segment_start__ = 0x1fff0000
                0x1fff2000                        __SYSTEM_segment_end__ = 0x1fff2000
                0x00002000                        __SYSTEM_segment_size__ = 0x2000
                0x1fff7000                        __OTP_segment_start__ = 0x1fff7000
                0x1fff7400                        __OTP_segment_end__ = 0x1fff7400
                0x00000400                        __OTP_segment_size__ = 0x400
                0x1fff7500                        __ENGINERING_BYTES_segment_start__ = 0x1fff7500
                0x1fff7800                        __ENGINERING_BYTES_segment_end__ = 0x1fff7800
                0x00000300                        __ENGINERING_BYTES_segment_size__ = 0x300
                0x1fff7800                        __OPTION_BYTES_segment_start__ = 0x1fff7800
                0x1fff7880                        __OPTION_BYTES_segment_end__ = 0x1fff7880
                0x00000080                        __OPTION_BYTES_segment_size__ = 0x80
                0x20000000                        __RAM_segment_start__ = 0x20000000
                0x20009000                        __RAM_segment_end__ = 0x20009000
                0x00009000                        __RAM_segment_size__ = 0x9000
                0x40000000                        __APB1_segment_start__ = 0x40000000
                0x4000b400                        __APB1_segment_end__ = 0x4000b400
                0x0000b400                        __APB1_segment_size__ = 0xb400
                0x40010000                        __APB2_segment_start__ = 0x40010000
                0x40015c00                        __APB2_segment_end__ = 0x40015c00
                0x00005c00                        __APB2_segment_size__ = 0x5c00
                0x40020000                        __AHB1_segment_start__ = 0x40020000
                0x40026400                        __AHB1_segment_end__ = 0x40026400
                0x00006400                        __AHB1_segment_size__ = 0x6400
                0x50000000                        __IOPORT_segment_start__ = 0x50000000
                0x50001800                        __IOPORT_segment_end__ = 0x50001800
                0x00001800                        __IOPORT_segment_size__ = 0x1800
                0xe0000000                        __PPB_segment_start__ = 0xe0000000
                0xe0100000                        __PPB_segment_end__ = 0xe0100000
                0x00100000                        __PPB_segment_size__ = 0x100000
                0x00000080                        __HEAPSIZE__ = 0x80
                0x00000000                        __STACKSIZE_ABT__ = 0x0
                0x00000000                        __STACKSIZE_FIQ__ = 0x0
                0x00000000                        __STACKSIZE_IRQ__ = 0x0
                0x00000000                        __STACKSIZE_PROCESS__ = 0x0
                0x00000000                        __STACKSIZE_SVC__ = 0x0
                0x00000000                        __STACKSIZE_UND__ = 0x0
                0x00000100                        __STACKSIZE__ = 0x100
                0x080002d8                        __do_debug_operation = __do_debug_operation_mempoll
                0x00000000                        __vfprintf = __vfprintf_float_long_long
                0x00000000                        __vfscanf = __vfscanf_float_long_long_cc
                0x20000000                        __vectors_ram_load_start__ = ALIGN (__RAM_segment_start__, 0x100)

.vectors_ram    0x20000000        0x0
                0x20000000                        __vectors_ram_start__ = .
 *(.vectors_ram .vectors_ram.*)
                0x20000000                        __vectors_ram_end__ = (__vectors_ram_start__ + SIZEOF (.vectors_ram))
                0x00000000                        __vectors_ram_size__ = SIZEOF (.vectors_ram)
                0x20000000                        __vectors_ram_load_end__ = __vectors_ram_end__
                0x00000001                        . = ASSERT (((__vectors_ram_start__ == __vectors_ram_end__) || ((__vectors_ram_end__ - __RAM_segment_start__) <= __RAM_segment_size__)), error: .vectors_ram is too large to fit in RAM memory segment)
                0x08000000                        __vectors_load_start__ = ALIGN (__FLASH_segment_start__, 0x100)

.vectors        0x08000000       0xbc
                0x08000000                        __vectors_start__ = .
 *(.vectors .vectors.*)
 .vectors       0x08000000       0xbc test THUMB Debug/STM32_Startup.o
                0x08000000                _vectors
                0x080000bc                        __vectors_end__ = (__vectors_start__ + SIZEOF (.vectors))
                0x000000bc                        __vectors_size__ = SIZEOF (.vectors)
                0x080000bc                        __vectors_load_end__ = __vectors_end__
                0x00000001                        . = ASSERT (((__vectors_start__ == __vectors_end__) || ((__vectors_end__ - __FLASH_segment_start__) <= __FLASH_segment_size__)), error: .vectors is too large to fit in FLASH memory segment)
                0x080000bc                        __init_load_start__ = ALIGN (__vectors_end__, 0x4)

.init           0x080000bc      0x1d4
                0x080000bc                        __init_start__ = .
 *(.init .init.*)
 .init          0x080000bc      0x170 test THUMB Debug/thumb_crt0.o
                0x080000bc                _start
                0x0800016c                exit
                0x0800016c                _Exit
 .init          0x0800022c       0x64 test THUMB Debug/STM32_Startup.o
                0x0800022c                NMI_Handler
                0x0800022e                HardFault_Handler
                0x08000230                MemManage_Handler
                0x08000232                BusFault_Handler
                0x08000234                UsageFault_Handler
                0x08000236                SVC_Handler
                0x08000238                DebugMon_Handler
                0x0800023a                PendSV_Handler
                0x0800023c                SysTick_Handler
                0x0800023e                WWDG_IRQHandler
                0x08000240                PVD_IRQHandler
                0x08000242                RTC_TAMP_IRQHandler
                0x08000244                FLASH_IRQHandler
                0x08000246                RCC_IRQHandler
                0x08000248                EXTI0_1_IRQHandler
                0x0800024a                EXTI2_3_IRQHandler
                0x0800024c                EXTI4_15_IRQHandler
                0x0800024e                UCPD1_2_IRQHandler
                0x08000250                DMA1_Channel1_IRQHandler
                0x08000252                DMA1_Channel2_3_IRQHandler
                0x08000254                DMA1_Ch4_7_DMAMUX1_OVR_IRQHandler
                0x08000256                ADC1_COMP_IRQHandler
                0x08000258                TIM1_BRK_UP_TRG_COM_IRQHandler
                0x0800025a                TIM1_CC_IRQHandler
                0x0800025c                TIM2_IRQHandler
                0x0800025e                TIM3_IRQHandler
                0x08000260                TIM6_DAC_LPTIM1_IRQHandler
                0x08000262                TIM7_LPTIM2_IRQHandler
                0x08000264                TIM14_IRQHandler
                0x08000266                TIM15_IRQHandler
                0x08000268                TIM16_IRQHandler
                0x0800026a                TIM17_IRQHandler
                0x0800026c                I2C1_IRQHandler
                0x0800026e                I2C2_IRQHandler
                0x08000270                SPI1_IRQHandler
                0x08000272                SPI2_IRQHandler
                0x08000274                USART1_IRQHandler
                0x08000276                USART2_IRQHandler
                0x08000278                USART3_4_LPUART1_IRQHandler
                0x0800027a                CEC_IRQHandler
                0x0800027c                reset_handler
                0x08000286                SystemInit
                0x08000290                        __init_end__ = (__init_start__ + SIZEOF (.init))
                0x000001d4                        __init_size__ = SIZEOF (.init)
                0x08000290                        __init_load_end__ = __init_end__
                0x00000001                        . = ASSERT (((__init_start__ == __init_end__) || ((__init_end__ - __FLASH_segment_start__) <= __FLASH_segment_size__)), error: .init is too large to fit in FLASH memory segment)
                0x08000290                        __init_rodata_load_start__ = ALIGN (__init_end__, 0x4)

.init_rodata    0x08000290        0x0
                0x08000290                        __init_rodata_start__ = .
 *(.init_rodata .init_rodata.*)
                0x08000290                        __init_rodata_end__ = (__init_rodata_start__ + SIZEOF (.init_rodata))
                0x00000000                        __init_rodata_size__ = SIZEOF (.init_rodata)
                0x08000290                        __init_rodata_load_end__ = __init_rodata_end__
                0x00000001                        . = ASSERT (((__init_rodata_start__ == __init_rodata_end__) || ((__init_rodata_end__ - __FLASH_segment_start__) <= __FLASH_segment_size__)), error: .init_rodata is too large to fit in FLASH memory segment)
                0x08000290                        __text_load_start__ = ALIGN (__init_rodata_end__, 0x4)

.text           0x08000290       0x78
                0x08000290                        __text_start__ = .
 *(.text .text.* .gnu.linkonce.t.* .glue_7t .glue_7 .gcc_except_table .ARM.extab* .gnu.linkonce.armextab.*)
 .glue_7        0x08000290        0x0 linker stubs
 .glue_7t       0x08000290        0x0 linker stubs
 .text.main     0x08000290       0x24 test THUMB Debug/main.o
                0x08000290                main
 .text.libdebugio.debug_exit
                0x080002b4        0xc C:/Program Files/Rowley Associates Limited/CrossWorks for ARM 4.10/lib/libdebugio_v6m_t_le_eabi.a(libdebugio.o)
                0x080002b4                debug_exit
 .text.libdebugio.__debug_io_lock
                0x080002c0        0x2 C:/Program Files/Rowley Associates Limited/CrossWorks for ARM 4.10/lib/libdebugio_v6m_t_le_eabi.a(libdebugio.o)
                0x080002c0                __debug_io_lock
 .text.libdebugio.__debug_io_unlock
                0x080002c2        0x2 C:/Program Files/Rowley Associates Limited/CrossWorks for ARM 4.10/lib/libdebugio_v6m_t_le_eabi.a(libdebugio.o)
                0x080002c2                __debug_io_unlock
 .text.libc.debug_printf
                0x080002c4       0x12 C:/Program Files/Rowley Associates Limited/CrossWorks for ARM 4.10/lib/libdebugio_v6m_t_le_eabi.a(libdebugio_asm.o)
                0x080002c4                debug_printf
 *fill*         0x080002d6        0x2 
 .text.libdebugio.__do_debug_operation_mempoll
                0x080002d8       0x30 C:/Program Files/Rowley Associates Limited/CrossWorks for ARM 4.10/lib/libdebugio_v6m_t_le_eabi.a(mempoll_debug_operations.o)
                0x080002d8                __do_debug_operation_mempoll
                0x08000308                        __text_end__ = (__text_start__ + SIZEOF (.text))
                0x00000078                        __text_size__ = SIZEOF (.text)
                0x08000308                        __text_load_end__ = __text_end__

.vfp11_veneer   0x00000000        0x0
 .vfp11_veneer  0x00000000        0x0 linker stubs

.v4_bx          0x00000000        0x0
 .v4_bx         0x00000000        0x0 linker stubs

.iplt           0x00000000        0x0
 .iplt          0x00000000        0x0 test THUMB Debug/main.o
                0x00000001                        . = ASSERT (((__text_start__ == __text_end__) || ((__text_end__ - __FLASH_segment_start__) <= __FLASH_segment_size__)), error: .text is too large to fit in FLASH memory segment)
                0x08000308                        __dtors_load_start__ = ALIGN (__text_end__, 0x4)

.dtors          0x08000308        0x0
                0x08000308                        __dtors_start__ = .
 *(SORT_BY_NAME(.dtors.*))
 *(.dtors)
 *(.fini_array)
 *(SORT_BY_NAME(.fini_array.*))
                0x08000308                        __dtors_end__ = (__dtors_start__ + SIZEOF (.dtors))
                0x00000000                        __dtors_size__ = SIZEOF (.dtors)
                0x08000308                        __dtors_load_end__ = __dtors_end__
                0x00000001                        . = ASSERT (((__dtors_start__ == __dtors_end__) || ((__dtors_end__ - __FLASH_segment_start__) <= __FLASH_segment_size__)), error: .dtors is too large to fit in FLASH memory segment)
                0x08000308                        __ctors_load_start__ = ALIGN (__dtors_end__, 0x4)

.ctors          0x08000308        0x0
                0x08000308                        __ctors_start__ = .
 *(SORT_BY_NAME(.ctors.*))
 *(.ctors)
 *(.init_array)
 *(SORT_BY_NAME(.init_array.*))
                0x08000308                        __ctors_end__ = (__ctors_start__ + SIZEOF (.ctors))
                0x00000000                        __ctors_size__ = SIZEOF (.ctors)
                0x08000308                        __ctors_load_end__ = __ctors_end__
                0x00000001                        . = ASSERT (((__ctors_start__ == __ctors_end__) || ((__ctors_end__ - __FLASH_segment_start__) <= __FLASH_segment_size__)), error: .ctors is too large to fit in FLASH memory segment)
                0x08000308                        __rodata_load_start__ = ALIGN (__ctors_end__, 0x4)

.rodata         0x08000308       0x10
                0x08000308                        __rodata_start__ = .
 *(.rodata .rodata.* .gnu.linkonce.r.*)
 .rodata        0x08000308       0x10 test THUMB Debug/main.o
                0x08000318                        __rodata_end__ = (__rodata_start__ + SIZEOF (.rodata))
                0x00000010                        __rodata_size__ = SIZEOF (.rodata)
                0x08000318                        __rodata_load_end__ = __rodata_end__

.rel.dyn        0x08000000        0x0
 .rel.iplt      0x08000000        0x0 test THUMB Debug/main.o
                0x00000001                        . = ASSERT (((__rodata_start__ == __rodata_end__) || ((__rodata_end__ - __FLASH_segment_start__) <= __FLASH_segment_size__)), error: .rodata is too large to fit in FLASH memory segment)
                0x08000318                        __ARM.exidx_load_start__ = ALIGN (__rodata_end__, 0x4)

.ARM.exidx      0x08000318        0x0
                0x08000318                        __ARM.exidx_start__ = .
                0x08000318                        __exidx_start = __ARM.exidx_start__
 *(.ARM.exidx .ARM.exidx.*)
                0x08000318                        __ARM.exidx_end__ = (__ARM.exidx_start__ + SIZEOF (.ARM.exidx))
                0x00000000                        __ARM.exidx_size__ = SIZEOF (.ARM.exidx)
                0x08000318                        __exidx_end = __ARM.exidx_end__
                0x08000318                        __ARM.exidx_load_end__ = __ARM.exidx_end__
                0x00000001                        . = ASSERT (((__ARM.exidx_start__ == __ARM.exidx_end__) || ((__ARM.exidx_end__ - __FLASH_segment_start__) <= __FLASH_segment_size__)), error: .ARM.exidx is too large to fit in FLASH memory segment)
                0x08000318                        __fast_load_start__ = ALIGN (__ARM.exidx_end__, 0x4)

.fast           0x20000000        0x0 load address 0x08000318
                0x20000000                        __fast_start__ = .
 *(.fast .fast.*)
                0x20000000                        __fast_end__ = (__fast_start__ + SIZEOF (.fast))
                0x00000000                        __fast_size__ = SIZEOF (.fast)
                0x08000318                        __fast_load_end__ = (__fast_load_start__ + SIZEOF (.fast))
                0x00000001                        . = ASSERT (((__fast_load_start__ == __fast_load_end__) || ((__fast_load_end__ - __FLASH_segment_start__) <= __FLASH_segment_size__)), error: .fast is too large to fit in FLASH memory segment)

.fast_run       0x20000000        0x0
                0x20000000                        __fast_run_start__ = .
                0x20000000                        __fast_run_end__ = (__fast_run_start__ + SIZEOF (.fast))
                0x00000000                        __fast_run_size__ = (__fast_run_end__ - __fast_run_start__)
                0x20000000                        __fast_run_load_end__ = __fast_run_end__
                0x00000001                        . = ASSERT (((__fast_run_start__ == __fast_run_end__) || ((__fast_run_end__ - __RAM_segment_start__) <= __RAM_segment_size__)), error: .fast_run is too large to fit in RAM memory segment)
                0x08000318                        __data_load_start__ = ALIGN ((__fast_load_start__ + SIZEOF (.fast)), 0x4)

.data           0x20000000        0x1 load address 0x08000318
                0x20000000                        __data_start__ = .
 *(.data .data.* .gnu.linkonce.d.*)
 .data.test     0x20000000        0x1 test THUMB Debug/main.o
                0x20000000                test
                0x20000001                        __data_end__ = (__data_start__ + SIZEOF (.data))
                0x00000001                        __data_size__ = SIZEOF (.data)
                0x08000319                        __data_load_end__ = (__data_load_start__ + SIZEOF (.data))

.igot.plt       0x00000000        0x0
 .igot.plt      0x00000000        0x0 test THUMB Debug/main.o
                0x00000001                        . = ASSERT (((__data_load_start__ == __data_load_end__) || ((__data_load_end__ - __FLASH_segment_start__) <= __FLASH_segment_size__)), error: .data is too large to fit in FLASH memory segment)

.data_run       0x20000000        0x0
                0x20000000                        __data_run_start__ = .
                0x20000001                        __data_run_end__ = (__data_run_start__ + SIZEOF (.data))
                0x00000001                        __data_run_size__ = (__data_run_end__ - __data_run_start__)
                0x20000001                        __data_run_load_end__ = __data_run_end__
                0x00000001                        . = ASSERT (((__data_run_start__ == __data_run_end__) || ((__data_run_end__ - __RAM_segment_start__) <= __RAM_segment_size__)), error: .data_run is too large to fit in RAM memory segment)
                0x20000004                        __bss_load_start__ = ALIGN (__data_run_end__, 0x4)

.bss            0x20000004        0x8
                0x20000004                        __bss_start__ = .
 *(.bss .bss.* .gnu.linkonce.b.*)
 .bss.libdebugio.dbgCommWord
                0x20000004        0x4 C:/Program Files/Rowley Associates Limited/CrossWorks for ARM 4.10/lib/libdebugio_v6m_t_le_eabi.a(mempoll_debug_operations.o)
                0x20000004                dbgCommWord
 .bss.libdebugio.dbgCntrlWord_mempoll
                0x20000008        0x4 C:/Program Files/Rowley Associates Limited/CrossWorks for ARM 4.10/lib/libdebugio_v6m_t_le_eabi.a(mempoll_debug_operations.o)
                0x20000008                dbgCntrlWord_mempoll
 *(COMMON)
                0x2000000c                        __bss_end__ = (__bss_start__ + SIZEOF (.bss))
                0x00000008                        __bss_size__ = SIZEOF (.bss)
                0x2000000c                        __bss_load_end__ = __bss_end__
                0x00000001                        . = ASSERT (((__bss_start__ == __bss_end__) || ((__bss_end__ - __RAM_segment_start__) <= __RAM_segment_size__)), error: .bss is too large to fit in RAM memory segment)
                0x2000000c                        __tbss_load_start__ = ALIGN (__bss_end__, 0x4)

.tbss           0x2000000c        0x0
                0x2000000c                        __tbss_start__ = .
 *(.tbss .tbss.*)
                0x2000000c                        __tbss_end__ = (__tbss_start__ + SIZEOF (.tbss))
                0x00000000                        __tbss_size__ = SIZEOF (.tbss)
                0x2000000c                        __tbss_load_end__ = __tbss_end__
                0x00000001                        . = ASSERT (((__tbss_start__ == __tbss_end__) || ((__tbss_end__ - __RAM_segment_start__) <= __RAM_segment_size__)), error: .tbss is too large to fit in RAM memory segment)
                0x0800031c                        __tdata_load_start__ = ALIGN ((__data_load_start__ + SIZEOF (.data)), 0x4)

.tdata          0x2000000c        0x0 load address 0x0800031c
                0x2000000c                        __tdata_start__ = .
 *(.tdata .tdata.*)
                0x2000000c                        __tdata_end__ = (__tdata_start__ + SIZEOF (.tdata))
                0x00000000                        __tdata_size__ = SIZEOF (.tdata)
                0x0800031c                        __tdata_load_end__ = (__tdata_load_start__ + SIZEOF (.tdata))
                0x0800031c                        __FLASH_segment_used_end__ = (ALIGN ((__data_load_start__ + SIZEOF (.data)), 0x4) + SIZEOF (.tdata))
                0x0000031c                        __FLASH_segment_used_size__ = (__FLASH_segment_used_end__ - __FLASH_segment_start__)
                0x00000001                        . = ASSERT (((__tdata_load_start__ == __tdata_load_end__) || ((__tdata_load_end__ - __FLASH_segment_start__) <= __FLASH_segment_size__)), error: .tdata is too large to fit in FLASH memory segment)

.tdata_run      0x2000000c        0x0
                0x2000000c                        __tdata_run_start__ = .
                0x2000000c                        __tdata_run_end__ = (__tdata_run_start__ + SIZEOF (.tdata))
                0x00000000                        __tdata_run_size__ = (__tdata_run_end__ - __tdata_run_start__)
                0x2000000c                        __tdata_run_load_end__ = __tdata_run_end__
                0x00000001                        . = ASSERT (((__tdata_run_start__ == __tdata_run_end__) || ((__tdata_run_end__ - __RAM_segment_start__) <= __RAM_segment_size__)), error: .tdata_run is too large to fit in RAM memory segment)
                0x2000000c                        __non_init_load_start__ = ALIGN (__tdata_run_end__, 0x4)

.non_init       0x2000000c        0x0
                0x2000000c                        __non_init_start__ = .
 *(.non_init .non_init.*)
                0x2000000c                        __non_init_end__ = (__non_init_start__ + SIZEOF (.non_init))
                0x00000000                        __non_init_size__ = SIZEOF (.non_init)
                0x2000000c                        __non_init_load_end__ = __non_init_end__
                0x00000001                        . = ASSERT (((__non_init_start__ == __non_init_end__) || ((__non_init_end__ - __RAM_segment_start__) <= __RAM_segment_size__)), error: .non_init is too large to fit in RAM memory segment)
                0x20000010                        __heap_load_start__ = ALIGN (__non_init_end__, 0x8)

.heap           0x20000010       0x80
                0x20000010                        __heap_start__ = .
 *(.heap .heap.*)
                0x20000090                        . = ALIGN (MAX ((__heap_start__ + __HEAPSIZE__), .), 0x8)
 *fill*         0x20000010       0x80 
                0x20000090                        __heap_end__ = (__heap_start__ + SIZEOF (.heap))
                0x00000080                        __heap_size__ = SIZEOF (.heap)
                0x20000090                        __heap_load_end__ = __heap_end__
                0x00000001                        . = ASSERT (((__heap_start__ == __heap_end__) || ((__heap_end__ - __RAM_segment_start__) <= __RAM_segment_size__)), error: .heap is too large to fit in RAM memory segment)
                0x00000001                        . = ASSERT ((__HEAPSIZE__ == ALIGN (__HEAPSIZE__, 0x8)), error: .heap section size does not match alignment)
                0x00000001                        . = ASSERT ((__heap_size__ <= __HEAPSIZE__), error: .heap section is larger than specified size)
                0x20000090                        __stack_load_start__ = ALIGN (__heap_end__, 0x8)

.stack          0x20000090      0x100
                0x20000090                        __stack_start__ = .
 *(.stack .stack.*)
                0x20000190                        . = ALIGN (MAX ((__stack_start__ + __STACKSIZE__), .), 0x8)
 *fill*         0x20000090      0x100 
                0x20000190                        __stack_end__ = (__stack_start__ + SIZEOF (.stack))
                0x00000100                        __stack_size__ = SIZEOF (.stack)
                0x20000190                        __stack_load_end__ = __stack_end__
                0x00000001                        . = ASSERT (((__stack_start__ == __stack_end__) || ((__stack_end__ - __RAM_segment_start__) <= __RAM_segment_size__)), error: .stack is too large to fit in RAM memory segment)
                0x00000001                        . = ASSERT ((__STACKSIZE__ == ALIGN (__STACKSIZE__, 0x8)), error: .stack section size does not match alignment)
                0x00000001                        . = ASSERT ((__stack_size__ <= __STACKSIZE__), error: .stack section is larger than specified size)
                0x20000190                        __stack_process_load_start__ = ALIGN (__stack_end__, 0x8)

.stack_process  0x20000190        0x0
                0x20000190                        __stack_process_start__ = .
 *(.stack_process .stack_process.*)
                0x20000190                        . = ALIGN (MAX ((__stack_process_start__ + __STACKSIZE_PROCESS__), .), 0x8)
                0x20000190                        __stack_process_end__ = (__stack_process_start__ + SIZEOF (.stack_process))
                0x00000000                        __stack_process_size__ = SIZEOF (.stack_process)
                0x20000190                        __stack_process_load_end__ = __stack_process_end__
                0x20000190                        __RAM_segment_used_end__ = (ALIGN (__stack_end__, 0x8) + SIZEOF (.stack_process))
                0x00000190                        __RAM_segment_used_size__ = (__RAM_segment_used_end__ - __RAM_segment_start__)
                0x00000001                        . = ASSERT (((__stack_process_start__ == __stack_process_end__) || ((__stack_process_end__ - __RAM_segment_start__) <= __RAM_segment_size__)), error: .stack_process is too large to fit in RAM memory segment)
                0x00000001                        . = ASSERT ((__STACKSIZE_PROCESS__ == ALIGN (__STACKSIZE_PROCESS__, 0x8)), error: .stack_process section size does not match alignment)
                0x00000001                        . = ASSERT ((__stack_process_size__ <= __STACKSIZE_PROCESS__), error: .stack_process section is larger than specified size)
START GROUP
LOAD test THUMB Debug/main.o
LOAD test THUMB Debug/thumb_crt0.o
LOAD test THUMB Debug/STM32_Startup.o
LOAD C:/Program Files/Rowley Associates Limited/CrossWorks for ARM 4.10/lib/libm_v6m_t_le_eabi.a
LOAD C:/Program Files/Rowley Associates Limited/CrossWorks for ARM 4.10/lib/libc_v6m_t_le_eabi.a
LOAD C:/Program Files/Rowley Associates Limited/CrossWorks for ARM 4.10/lib/libdebugio_v6m_t_le_eabi.a
END GROUP
OUTPUT(C:/Users/jaku/Documents/CrossWorks Projects/test/test THUMB Debug/test.elf elf32-littlearm)
LOAD linker stubs

.debug_info     0x00000000      0x11a
 .debug_info    0x00000000       0xd5 test THUMB Debug/main.o
 .debug_info    0x000000d5       0x22 test THUMB Debug/thumb_crt0.o
 .debug_info    0x000000f7       0x23 test THUMB Debug/STM32_Startup.o

.debug_abbrev   0x00000000       0xda
 .debug_abbrev  0x00000000       0xb4 test THUMB Debug/main.o
 .debug_abbrev  0x000000b4       0x12 test THUMB Debug/thumb_crt0.o
 .debug_abbrev  0x000000c6       0x14 test THUMB Debug/STM32_Startup.o

.debug_pubnames
                0x00000000       0x44
 .debug_pubnames
                0x00000000       0x44 test THUMB Debug/main.o

.debug_pubtypes
                0x00000000       0xc1
 .debug_pubtypes
                0x00000000       0xc1 test THUMB Debug/main.o

.debug_aranges  0x00000000       0x98
 .debug_aranges
                0x00000000       0x20 test THUMB Debug/main.o
 .debug_aranges
                0x00000020       0x58 test THUMB Debug/thumb_crt0.o
 .debug_aranges
                0x00000078       0x20 test THUMB Debug/STM32_Startup.o

.debug_ranges   0x00000000       0x60
 .debug_ranges  0x00000000       0x10 test THUMB Debug/main.o
 .debug_ranges  0x00000010       0x50 test THUMB Debug/thumb_crt0.o

.debug_macro    0x00000000      0xda7
 .debug_macro   0x00000000       0x36 test THUMB Debug/main.o
 .debug_macro   0x00000036      0xb26 test THUMB Debug/main.o
 .debug_macro   0x00000b5c       0x90 test THUMB Debug/main.o
 .debug_macro   0x00000bec       0x2e test THUMB Debug/main.o
 .debug_macro   0x00000c1a      0x18d test THUMB Debug/main.o

.debug_line     0x00000000      0x3c0
 .debug_line    0x00000000      0x12b test THUMB Debug/main.o
 .debug_line    0x0000012b      0x1a1 test THUMB Debug/thumb_crt0.o
 .debug_line    0x000002cc       0xf4 test THUMB Debug/STM32_Startup.o

.debug_str      0x00000000     0x36dd
 .debug_str     0x00000000     0x3605 test THUMB Debug/main.o
                               0x3681 (size before relaxing)
 .debug_str     0x00003605       0x65 test THUMB Debug/thumb_crt0.o
                                 0x96 (size before relaxing)
 .debug_str     0x0000366a       0x73 test THUMB Debug/STM32_Startup.o
                                 0xb2 (size before relaxing)

.comment        0x00000000       0x3d
 .comment       0x00000000       0x3d test THUMB Debug/main.o
                                 0x3e (size before relaxing)
 .comment       0x0000003d       0x3e C:/Program Files/Rowley Associates Limited/CrossWorks for ARM 4.10/lib/libdebugio_v6m_t_le_eabi.a(libdebugio.o)
 .comment       0x0000003d       0x3e C:/Program Files/Rowley Associates Limited/CrossWorks for ARM 4.10/lib/libdebugio_v6m_t_le_eabi.a(mempoll_debug_operations.o)

.ARM.attributes
                0x00000000       0x2c
 .ARM.attributes
                0x00000000       0x2e test THUMB Debug/main.o
 .ARM.attributes
                0x0000002e       0x1b test THUMB Debug/thumb_crt0.o
 .ARM.attributes
                0x00000049       0x1b test THUMB Debug/STM32_Startup.o
 .ARM.attributes
                0x00000064       0x2d C:/Program Files/Rowley Associates Limited/CrossWorks for ARM 4.10/lib/libdebugio_v6m_t_le_eabi.a(libdebugio.o)
 .ARM.attributes
                0x00000091       0x1b C:/Program Files/Rowley Associates Limited/CrossWorks for ARM 4.10/lib/libdebugio_v6m_t_le_eabi.a(libdebugio_asm.o)
 .ARM.attributes
                0x000000ac       0x2d C:/Program Files/Rowley Associates Limited/CrossWorks for ARM 4.10/lib/libdebugio_v6m_t_le_eabi.a(mempoll_debug_operations.o)

.stack_sizes    0x00000000       0x14
 .stack_sizes   0x00000000        0x5 C:/Program Files/Rowley Associates Limited/CrossWorks for ARM 4.10/lib/libdebugio_v6m_t_le_eabi.a(libdebugio.o)
 .stack_sizes   0x00000005        0x5 C:/Program Files/Rowley Associates Limited/CrossWorks for ARM 4.10/lib/libdebugio_v6m_t_le_eabi.a(libdebugio.o)
 .stack_sizes   0x0000000a        0x5 C:/Program Files/Rowley Associates Limited/CrossWorks for ARM 4.10/lib/libdebugio_v6m_t_le_eabi.a(libdebugio.o)
 .stack_sizes   0x0000000f        0x5 C:/Program Files/Rowley Associates Limited/CrossWorks for ARM 4.10/lib/libdebugio_v6m_t_le_eabi.a(mempoll_debug_operations.o)

.debug_frame    0x00000000       0x28
 .debug_frame   0x00000000       0x28 test THUMB Debug/main.o
